92 45 97 36 87 94 84 71 1 2 88 10 82 67 65 58 38 11 24 69 14 64 85 72 66 22 25 21 49 40 9 30 70 28 95 6 41 80 81 13 54 91 68 90 59 73 86 52 50 60 18 96 34 89 76 44 4 79 33 56 75 74 39 83 78 46 8 63 23 31 62 27 17 53 61 29 77 93 37 32 99 47 12 7 15 57 48 19 42 98 51 5 55 26 43 100 16 35 3 20
